2026-09-27 16:04:32 [INFO] Log desta execução salvo em: logs\execucao_20260927_160432.log
2026-09-27 16:04:32 [INFO] ======================================================================
2026-09-27 16:04:32 [INFO] INÍCIO - Relatório Semanal do Funil de Crédito (Bari)
2026-09-27 16:04:32 [INFO] Arquivo de entrada: propostas_credito.csv
2026-09-27 16:04:32 [INFO] Formato(s) de saída solicitado(s): ambos
2026-09-27 16:04:32 [INFO] ======================================================================
2026-09-27 16:04:33 [INFO] encoding_usado: utf-8
2026-09-27 16:04:33 [INFO] linhas_brutas: 6400
2026-09-27 16:04:33 [INFO] propostas_terreno_mantidas: 535
2026-09-27 16:04:33 [INFO] canais_nao_reconhecidos: []
2026-09-27 16:04:33 [INFO] checagem_valor_imovel: valor_imovel: 0 valor(es) não-convertível(eis) (0.000% das linhas) - dentro da taxa basal conhecida (0.000%).
2026-09-27 16:04:33 [INFO] propostas_ltv_acima_60pct: 981
2026-09-27 16:04:33 [INFO] checagem_data_entrada: data_entrada: 0 valor(es) não-convertível(eis) (0.000% das linhas) - dentro da taxa basal conhecida (0.000%).
2026-09-27 16:04:33 [INFO] checagem_data_assinatura_contrato: data_assinatura_contrato: 0 valor(es) não-convertível(eis) (0.000% das linhas) - dentro da taxa basal conhecida (0.000%).
2026-09-27 16:04:33 [INFO] checagem_idade_cliente: idade_cliente: 0 valor(es) não-convertível(eis) (0.000% das linhas) - dentro da taxa basal conhecida (0.000%).
2026-09-27 16:04:33 [INFO] linhas_idade_invalida: 1
2026-09-27 16:04:33 [INFO] linhas_etapa_corrigida: 1
2026-09-27 16:04:33 [INFO] ids_etapa_corrigida: ['PR-000081']
2026-09-27 16:04:33 [INFO] linhas_etapa_anomala_nao_corrigida: 0
2026-09-27 16:04:33 [INFO] ids_etapa_anomala_nao_corrigida: []
2026-09-27 16:04:33 [INFO] linhas_data_inconsistente: 1
2026-09-27 16:04:33 [INFO] linhas_ltv_nao_calculavel: 0
2026-09-27 16:04:33 [INFO] linhas_tratadas: 6400
2026-09-27 16:04:35 [INFO] Relatório HTML gerado em: saida\relatorio_funil_20260927_160432.html
2026-09-27 16:04:35 [INFO] Relatório Excel gerado em: saida\relatorio_funil_20260927_160432.xlsx
2026-09-27 16:04:35 [INFO] Log estruturado (JSON) salvo em: logs\execucao_20260927_160432.json
2026-09-27 16:04:35 [INFO] Execução concluída com sucesso, sem avisos.
2026-09-27 16:04:35 [INFO] ======================================================================
